main.c:124:6:write_num_toBCD	16	static
main.c:147:6:turn_off_all	8	static
main.c:153:6:turn_on_led	8	static
main.c:164:6:turn_off_led	8	static
main.c:177:6:enQueue	16	static
main.c:190:6:deQueue	4	static
main.c:204:6:peek	4	static
main.c:216:6:PWM_Start	8	static
main.c:221:6:PWM_Change_Tone	40	static
main.c:244:6:HAL_GPIO_EXTI_Callback	24	static
main.c:290:6:HAL_TIM_PeriodElapsedCallback	16	static
main.c:366:6:set_max_level	72	static
main.c:376:6:set_level	96	static
main.c:391:6:set_led	48	static
main.c:408:6:set_wait	72	static
main.c:431:6:HAL_UART_RxCpltCallback	56	static
main.c:524:5:main	8	static
main.c:580:6:SystemClock_Config	128	static
main.c:631:13:MX_I2C1_Init	8	static
main.c:677:13:MX_SPI1_Init	8	static
main.c:717:13:MX_TIM2_Init	40	static
main.c:762:13:MX_TIM3_Init	40	static
main.c:807:13:MX_TIM4_Init	40	static
main.c:852:13:MX_TIM8_Init	112	static
main.c:932:13:MX_USART2_UART_Init	8	static
main.c:967:13:MX_USB_PCD_Init	8	static
main.c:998:13:MX_GPIO_Init	56	static
main.c:1093:6:Error_Handler	4	static,ignoring_inline_asm
